87.115.231.250 - - [11/Dec/2020:18:29:06 +0000] "GET /favicons/favicon-16x16.png HTTP/1.1" 200 4422 "https://www.aaronrosenmund.com/favicons/favicon-16x16.png" "Mozilla/5.0 (iPhone; CPU iPhone OS 10_3_1 like Mac OS X) AppleWebKit/603.1.30 (KHTML, like Gecko) Version/10.0 Mobile/14E304 Safari/602.1"
172.255.125.178 - - [11/Dec/2020:18:29:12 +0000] "GET /favicons/favicon-16x16.png HTTP/1.1" 200 4422 "https://www.aaronrosenmund.com/favicons/favicon-16x16.png" "Mozilla/5.0 (X11; Linux x86_64; rv:78.0) Gecko/20100101 Firefox/78.0"
172.255.125.178 - - [11/Dec/2020:18:29:12 +0000] "GET /favicons/favicon-32x32.png HTTP/1.1" 200 4731 "https://www.aaronrosenmund.com/favicons/favicon-32x32.png" "Mozilla/5.0 (X11; Linux x86_64; rv:78.0) Gecko/20100101 Firefox/78.0"
172.255.125.178 - - [11/Dec/2020:18:29:12 +0000] "GET /favicons/android-36x36.png HTTP/1.1" 200 4904 "https://www.aaronrosenmund.com/favicons/android-36x36.png" "Mozilla/5.0 (X11; Linux x86_64; rv:78.0) Gecko/20100101 Firefox/78.0"
172.255.125.178 - - [11/Dec/2020:18:29:12 +0000] "GET /favicons/android-48x48.png HTTP/1.1" 200 4996 "https://www.aaronrosenmund.com/favicons/android-48x48.png" "Mozilla/5.0 (X11; Linux x86_64; rv:78.0) Gecko/20100101 Firefox/78.0"
172.255.125.178 - - [11/Dec/2020:18:29:12 +0000] "GET /favicons/android-72x72.png HTTP/1.1" 200 5873 "https://www.aaronrosenmund.com/favicons/android-72x72.png" "Mozilla/5.0 (X11; Linux x86_64; rv:78.0) Gecko/20100101 Firefox/78.0"
172.255.125.178 - - [11/Dec/2020:18:29:12 +0000] "GET /favicons/android-96x96.png HTTP/1.1" 200 6256 "https://www.aaronrosenmund.com/favicons/android-96x96.png" "Mozilla/5.0 (X11; Linux x86_64; rv:78.0) Gecko/20100101 Firefox/78.0"
172.255.125.178 - - [11/Dec/2020:18:29:12 +0000] "GET /favicons/android-144x144.png HTTP/1.1" 200 8247 "https://www.aaronrosenmund.com/favicons/android-144x144.png" "Mozilla/5.0 (X11; Linux x86_64; rv:78.0) Gecko/20100101 Firefox/78.0"
172.255.125.178 - - [11/Dec/2020:18:29:12 +0000] "GET /favicons/android-192x192.png HTTP/1.1" 200 9212 "https://www.aaronrosenmund.com/favicons/android-192x192.png" "Mozilla/5.0 (X11; Linux x86_64; rv:78.0) Gecko/20100101 Firefox/78.0"
169.38.68.189 - - [11/Dec/2020:18:37:51 +0000] "GET /favicons/android-192x192.png HTTP/1.1" 200 9212 "https://www.aaronrosenmund.com/favicons/android-192x192.png" "Mozilla/5.0 (iPhone; CPU iPhone OS 13_7 like Mac OS X) AppleWebKit/605.1.15 (KHTML, like Gecko) Version/13.1.2 Mobile/15E148 Safari/604.1"
169.38.68.189 - - [11/Dec/2020:18:37:51 +0000] "GET /favicons/android-48x48.png HTTP/1.1" 200 4996 "https://www.aaronrosenmund.com/favicons/android-48x48.png" "Mozilla/5.0 (iPhone; CPU iPhone OS 13_7 like Mac OS X) AppleWebKit/605.1.15 (KHTML, like Gecko) Version/13.1.2 Mobile/15E148 Safari/604.1"
169.38.68.189 - - [11/Dec/2020:18:37:51 +0000] "GET /favicons/android-36x36.png HTTP/1.1" 200 4904 "https://www.aaronrosenmund.com/favicons/android-36x36.png" "Mozilla/5.0 (iPhone; CPU iPhone OS 13_7 like Mac OS X) AppleWebKit/605.1.15 (KHTML, like Gecko) Version/13.1.2 Mobile/15E148 Safari/604.1"
169.38.68.189 - - [11/Dec/2020:18:37:51 +0000] "GET /favicons/favicon-16x16.png HTTP/1.1" 200 4422 "https://www.aaronrosenmund.com/favicons/favicon-16x16.png" "Mozilla/5.0 (iPhone; CPU iPhone OS 13_7 like Mac OS X) AppleWebKit/605.1.15 (KHTML, like Gecko) Version/13.1.2 Mobile/15E148 Safari/604.1"
169.38.68.189 - - [11/Dec/2020:18:37:51 +0000] "GET /favicons/android-72x72.png HTTP/1.1" 200 5873 "https://www.aaronrosenmund.com/favicons/android-72x72.png" "Mozilla/5.0 (iPhone; CPU iPhone OS 13_7 like Mac OS X) AppleWebKit/605.1.15 (KHTML, like Gecko) Version/13.1.2 Mobile/15E148 Safari/604.1"
169.38.68.189 - - [11/Dec/2020:18:37:51 +0000] "GET /favicons/android-96x96.png HTTP/1.1" 200 6256 "https://www.aaronrosenmund.com/favicons/android-96x96.png" "Mozilla/5.0 (iPhone; CPU iPhone OS 13_7 like Mac OS X) AppleWebKit/605.1.15 (KHTML, like Gecko) Version/13.1.2 Mobile/15E148 Safari/604.1"
169.38.68.189 - - [11/Dec/2020:18:37:51 +0000] "GET /favicons/favicon-32x32.png HTTP/1.1" 200 4731 "https://www.aaronrosenmund.com/favicons/favicon-32x32.png" "Mozilla/5.0 (iPhone; CPU iPhone OS 13_7 like Mac OS X) AppleWebKit/605.1.15 (KHTML, like Gecko) Version/13.1.2 Mobile/15E148 Safari/604.1"
169.38.68.189 - - [11/Dec/2020:18:37:51 +0000] "GET /favicons/android-144x144.png HTTP/1.1" 200 8247 "https://www.aaronrosenmund.com/favicons/android-144x144.png" "Mozilla/5.0 (iPhone; CPU iPhone OS 13_7 like Mac OS X) AppleWebKit/605.1.15 (KHTML, like Gecko) Version/13.1.2 Mobile/15E148 Safari/604.1"
216.18.204.195 - - [11/Dec/2020:18:46:26 +0000] "GET / HTTP/1.1" 301 546 "-" "Mozilla/5.0 (compatible; Adsbot/3.1)"
216.18.204.195 - - [11/Dec/2020:18:46:34 +0000] "GET / HTTP/1.1" 200 7131 "-" "Mozilla/5.0 (compatible; Adsbot/3.1)"
51.81.85.15 - - [11/Dec/2020:19:06:16 +0000] "GET / HTTP/1.1" 200 10756 "http://www.aaronrosenmund.com/" "Mozilla/5.0 (compatible; MSIE 10.0; Windows NT 6.1; Trident/6.0)"
72.93.243.211 - - [11/Dec/2020:19:06:39 +0000] "GET /blog/2020/09/26/ironcat-ransmoware/ HTTP/1.1" 200 29816 "https://aaronrosenmund.com:443/blog/2020/09/26/ironcat-ransmoware/" "Mozilla/5.0 (compatible; MSIE 10.0; Windows NT 6.1; Trident/6.0)"
128.14.209.250 - - [11/Dec/2020:19:07:37 +0000] "GET / HTTP/1.1" 200 6472 "-" "Mozilla/5.0 (Windows NT 10.0; Win64; x64) AppleWebKit/537.36 (KHTML, like Gecko) Chrome/60.0.3112.113 Safari/537.36"
198.144.120.177 - - [11/Dec/2020:19:18:11 +0000] "GET / HTTP/1.1" 301 546 "http://aaronrosenmund.com:80/" "Mozilla/5.0 (compatible; MSIE 10.0; Windows NT 6.1; Trident/6.0)"
107.189.10.246 - - [11/Dec/2020:19:18:14 +0000] "GET / HTTP/1.1" 200 13879 "https://aaronrosenmund.com/" "Mozilla/5.0 (compatible; MSIE 10.0; Windows NT 6.1; Trident/6.0)"
107.189.10.185 - - [11/Dec/2020:19:20:58 +0000] "GET /blog/2020/09/26/ironcat-ransmoware/ HTTP/1.1" 301 616 "http://aaronrosenmund.com/blog/2020/09/26/ironcat-ransmoware/" "Mozilla/5.0 (compatible; MSIE 10.0; Windows NT 6.1; Trident/6.0)"
91.241.19.84 - - [11/Dec/2020:19:21:04 +0000] "GET /index.jsp HTTP/1.1" 404 4133 "-" "Mozilla/5.0 (Windows NT 10.0; Win64; x64) AppleWebKit/537.36 (KHTML, like Gecko) Chrome/78.0.3904.108 Safari/537.36"
107.189.10.251 - - [11/Dec/2020:19:21:08 +0000] "GET /blog/2020/09/26/ironcat-ransmoware/ HTTP/1.1" 200 29816 "https://aaronrosenmund.com/blog/2020/09/26/ironcat-ransmoware/" "Mozilla/5.0 (compatible; MSIE 10.0; Windows NT 6.1; Trident/6.0)"
107.189.10.143 - - [11/Dec/2020:19:22:50 +0000] "GET /blog/2020/09/2 HTTP/1.1" 404 3555 "https://aaronrosenmund.com/blog/2020/09/2" "Mozilla/5.0 (compatible; MSIE 10.0; Windows NT 6.1; Trident/6.0)"
178.62.55.19 - - [11/Dec/2020:19:24:17 +0000] "GET / HTTP/1.0" 200 10756 "-" "masscan/1.0 (https://github.com/robertdavidgraham/masscan)"
51.81.87.40 - - [11/Dec/2020:19:25:57 +0000] "GET /blog/2020/09/2 HTTP/1.1" 404 3555 "https://aaronrosenmund.com:443/blog/2020/09/2" "Mozilla/5.0 (compatible; MSIE 10.0; Windows NT 6.1; Trident/6.0)"
71.19.144.106 - - [11/Dec/2020:19:32:42 +0000] "GET / HTTP/1.1" 200 13879 "https://aaronrosenmund.com/" "Mozilla/5.0 (compatible; MSIE 10.0; Windows NT 6.1; Trident/6.0)"
93.152.140.4 - - [11/Dec/2020:19:43:54 +0000] "GET / HTTP/1.1" 301 527 "http://aaronrosenmund.com" "Mozilla/5.0 (Windows NT 10.0; Win64; x64) AppleWebKit/537.36 (KHTML, like Gecko) Chrome/80.0.3987.132 Safari/537.36"
93.152.140.4 - - [11/Dec/2020:19:43:55 +0000] "GET / HTTP/1.1" 200 14055 "http://aaronrosenmund.com" "Mozilla/5.0 (Windows NT 10.0; Win64; x64) AppleWebKit/537.36 (KHTML, like Gecko) Chrome/80.0.3987.132 Safari/537.36"
72.93.243.211 - - [11/Dec/2020:19:56:11 +0000] "GET / HTTP/1.1" 200 13879 "https://aaronrosenmund.com:443/" "Mozilla/5.0 (compatible; MSIE 10.0; Windows NT 6.1; Trident/6.0)"
52.208.215.16 - - [11/Dec/2020:20:07:38 +0000] "GET / HTTP/1.1" 200 3324 "-" "Mozilla/5.0 zgrab/0.x"
68.183.241.134 - - [11/Dec/2020:20:10:38 +0000] "GET / HTTP/1.1" 301 583 "http://aaronrosenmund.com/" "Mozilla/5.0 (iPhone; CPU iPhone OS 13_7 like Mac OS X) AppleWebKit/605.1.15 (KHTML, like Gecko) Version/13.1.2 Mobile/15E148 Safari/604.1"
87.115.231.250 - - [11/Dec/2020:20:10:38 +0000] "GET / HTTP/1.1" 301 583 "http://aaronrosenmund.com/" "Mozilla/4.0 (compatible; MSIE 8.0; Windows NT 5.1; Trident/4.0)"
193.239.84.91 - - [11/Dec/2020:20:10:38 +0000] "GET / HTTP/1.1" 301 546 "http://aaronrosenmund.com/" "Mozilla/5.0 (iPhone; CPU iPhone OS 13_6_1 like Mac OS X) AppleWebKit/605.1.15 (KHTML, like Gecko) Version/13.1.2 Mobile/15E148 Safari/604.1"
68.183.241.134 - - [11/Dec/2020:20:10:38 +0000] "GET / HTTP/1.1" 200 14522 "https://aaronrosenmund.com/" "Mozilla/5.0 (iPhone; CPU iPhone OS 13_7 like Mac OS X) AppleWebKit/605.1.15 (KHTML, like Gecko) Version/13.1.2 Mobile/15E148 Safari/604.1"
193.239.84.91 - - [11/Dec/2020:20:10:38 +0000] "GET / HTTP/1.1" 200 14522 "https://aaronrosenmund.com/" "Mozilla/5.0 (iPhone; CPU iPhone OS 13_6_1 like Mac OS X) AppleWebKit/605.1.15 (KHTML, like Gecko) Version/13.1.2 Mobile/15E148 Safari/604.1"
205.251.154.202 - - [11/Dec/2020:20:10:38 +0000] "GET / HTTP/1.1" 301 546 "http://aaronrosenmund.com/" "Mozilla/5.0 (Windows NT 10.0; Win64; x64) AppleWebKit/537.36 (KHTML, like Gecko) Chrome/87.0.4280.88 Safari/537.36"
87.115.231.250 - - [11/Dec/2020:20:10:38 +0000] "GET / HTTP/1.1" 200 14522 "https://aaronrosenmund.com/" "Mozilla/4.0 (compatible; MSIE 8.0; Windows NT 5.1; Trident/4.0)"
68.183.245.118 - - [11/Dec/2020:20:10:38 +0000] "GET / HTTP/1.1" 301 583 "http://aaronrosenmund.com/" "Mozilla/5.0 (iPhone; CPU iPhone OS 13_6_1 like Mac OS X) AppleWebKit/605.1.15 (KHTML, like Gecko) Version/13.1.2 Mobile/15E148 Safari/604.1"
205.251.154.202 - - [11/Dec/2020:20:10:38 +0000] "GET / HTTP/1.1" 200 14522 "https://aaronrosenmund.com/" "Mozilla/5.0 (Windows NT 10.0; Win64; x64) AppleWebKit/537.36 (KHTML, like Gecko) Chrome/87.0.4280.88 Safari/537.36"
68.183.245.118 - - [11/Dec/2020:20:10:39 +0000] "GET / HTTP/1.1" 200 14522 "https://aaronrosenmund.com/" "Mozilla/5.0 (iPhone; CPU iPhone OS 13_6_1 like Mac OS X) AppleWebKit/605.1.15 (KHTML, like Gecko) Version/13.1.2 Mobile/15E148 Safari/604.1"
87.115.231.250 - - [11/Dec/2020:20:10:39 +0000] "GET / HTTP/1.1" 301 582 "http://aaronrosenmund.com/" "Mozilla/5.0 (iPhone; CPU iPhone OS 10_3_1 like Mac OS X) AppleWebKit/603.1.30 (KHTML, like Gecko) Version/10.0 Mobile/14E304 Safari/602.1"
68.183.245.118 - - [11/Dec/2020:20:10:40 +0000] "OPTIONS / HTTP/1.1" 301 582 "http://aaronrosenmund.com/" "Mozilla/5.0 (Windows NT 10.0; Win64; x64) AppleWebKit/537.36 (KHTML, like Gecko) Chrome/86.0.4240.198 Safari/537.36"
87.115.231.250 - - [11/Dec/2020:20:15:17 +0000] "GET / HTTP/1.1" 200 14522 "http://aaronrosenmund.com/" "Mozilla/5.0 (X11; Linux x86_64; rv:78.0) Gecko/20100101 Firefox/78.0"
138.199.27.191 - - [11/Dec/2020:20:15:19 +0000] "GET / HTTP/1.1" 200 14522 "http://aaronrosenmund.com/" "Mozilla/5.0 (Windows NT 10.0; Win64; x64) AppleWebKit/537.36 (KHTML, like Gecko) Chrome/87.0.4280.88 Safari/537.36"
199.204.208.166 - - [11/Dec/2020:20:15:31 +0000] "GET / HTTP/1.1" 200 14522 "http://aaronrosenmund.com/" "Mozilla/5.0 (iPhone; CPU iPhone OS 11_0 like Mac OS X) AppleWebKit/604.1.38 (KHTML, like Gecko) Version/11.0 Mobile/15A372 Safari/604.1"
54.177.125.228 - - [11/Dec/2020:20:18:46 +0000] "GET /.env HTTP/1.1" 404 493 "-" "Mozilla/5.0 (X11; Linux x86_64) AppleWebKit/537.36 (KHTML, like Gecko) Chrome/81.0.4044.129 Safari/537.36"
54.177.125.228 - - [11/Dec/2020:20:18:47 +0000] "POST / HTTP/1.1" 200 3380 "-" "Mozilla/5.0 (X11; Linux x86_64) AppleWebKit/537.36 (KHTML, like Gecko) Chrome/81.0.4044.129 Safari/537.36"
107.189.10.246 - - [11/Dec/2020:20:22:03 +0000] "GET /blog/2020/09/2 HTTP/1.1" 301 574 "http://aaronrosenmund.com/blog/2020/09/2" "Mozilla/5.0 (compatible; MSIE 10.0; Windows NT 6.1; Trident/6.0)"
198.144.120.177 - - [11/Dec/2020:20:22:05 +0000] "GET /blog/2020/09/2 HTTP/1.1" 404 3555 "https://aaronrosenmund.com/blog/2020/09/2" "Mozilla/5.0 (compatible; MSIE 10.0; Windows NT 6.1; Trident/6.0)"
87.115.231.250 - - [11/Dec/2020:20:23:19 +0000] "GET /favicons/android-36x36.png HTTP/1.1" 200 4972 "http://aaronrosenmund.com/" "Mozilla/5.0 (X11; Linux x86_64; rv:78.0) Gecko/20100101 Firefox/78.0"
87.115.231.250 - - [11/Dec/2020:20:23:19 +0000] "GET /favicons/android-144x144.png HTTP/1.1" 200 8315 "http://aaronrosenmund.com/" "Mozilla/5.0 (X11; Linux x86_64; rv:78.0) Gecko/20100101 Firefox/78.0"
87.115.231.250 - - [11/Dec/2020:20:23:19 +0000] "GET /favicons/favicon-32x32.png HTTP/1.1" 200 4799 "http://aaronrosenmund.com/" "Mozilla/5.0 (X11; Linux x86_64; rv:78.0) Gecko/20100101 Firefox/78.0"
87.115.231.250 - - [11/Dec/2020:20:23:19 +0000] "GET /favicons/android-48x48.png HTTP/1.1" 200 5064 "http://aaronrosenmund.com/" "Mozilla/5.0 (X11; Linux x86_64; rv:78.0) Gecko/20100101 Firefox/78.0"
87.115.231.250 - - [11/Dec/2020:20:23:19 +0000] "GET /favicons/android-96x96.png HTTP/1.1" 200 6324 "http://aaronrosenmund.com/" "Mozilla/5.0 (X11; Linux x86_64; rv:78.0) Gecko/20100101 Firefox/78.0"
87.115.231.250 - - [11/Dec/2020:20:23:19 +0000] "GET /favicons/favicon-16x16.png HTTP/1.1" 200 4490 "http://aaronrosenmund.com/" "Mozilla/5.0 (X11; Linux x86_64; rv:78.0) Gecko/20100101 Firefox/78.0"
87.115.231.250 - - [11/Dec/2020:20:23:19 +0000] "GET /favicons/android-192x192.png HTTP/1.1" 200 9280 "http://aaronrosenmund.com/" "Mozilla/5.0 (X11; Linux x86_64; rv:78.0) Gecko/20100101 Firefox/78.0"
87.115.231.250 - - [11/Dec/2020:20:23:19 +0000] "GET /favicons/android-72x72.png HTTP/1.1" 200 5941 "http://aaronrosenmund.com/" "Mozilla/5.0 (X11; Linux x86_64; rv:78.0) Gecko/20100101 Firefox/78.0"
138.199.27.191 - - [11/Dec/2020:20:23:24 +0000] "GET /favicons/android-72x72.png HTTP/1.1" 200 5941 "http://aaronrosenmund.com/" "Mozilla/5.0 (Windows NT 10.0; Win64; x64) AppleWebKit/537.36 (KHTML, like Gecko) Chrome/87.0.4280.88 Safari/537.36"
138.199.27.191 - - [11/Dec/2020:20:23:24 +0000] "GET /favicons/android-36x36.png HTTP/1.1" 200 4972 "http://aaronrosenmund.com/" "Mozilla/5.0 (Windows NT 10.0; Win64; x64) AppleWebKit/537.36 (KHTML, like Gecko) Chrome/87.0.4280.88 Safari/537.36"
138.199.27.191 - - [11/Dec/2020:20:23:24 +0000] "GET /favicons/android-192x192.png HTTP/1.1" 200 9280 "http://aaronrosenmund.com/" "Mozilla/5.0 (Windows NT 10.0; Win64; x64) AppleWebKit/537.36 (KHTML, like Gecko) Chrome/87.0.4280.88 Safari/537.36"
138.199.27.191 - - [11/Dec/2020:20:23:24 +0000] "GET /favicons/android-48x48.png HTTP/1.1" 200 5064 "http://aaronrosenmund.com/" "Mozilla/5.0 (Windows NT 10.0; Win64; x64) AppleWebKit/537.36 (KHTML, like Gecko) Chrome/87.0.4280.88 Safari/537.36"
138.199.27.191 - - [11/Dec/2020:20:23:24 +0000] "GET /favicons/favicon-32x32.png HTTP/1.1" 200 4799 "http://aaronrosenmund.com/" "Mozilla/5.0 (Windows NT 10.0; Win64; x64) AppleWebKit/537.36 (KHTML, like Gecko) Chrome/87.0.4280.88 Safari/537.36"
138.199.27.191 - - [11/Dec/2020:20:23:24 +0000] "GET /favicons/android-96x96.png HTTP/1.1" 200 6324 "http://aaronrosenmund.com/" "Mozilla/5.0 (Windows NT 10.0; Win64; x64) AppleWebKit/537.36 (KHTML, like Gecko) Chrome/87.0.4280.88 Safari/537.36"
138.199.27.191 - - [11/Dec/2020:20:23:24 +0000] "GET /favicons/android-144x144.png HTTP/1.1" 200 8315 "http://aaronrosenmund.com/" "Mozilla/5.0 (Windows NT 10.0; Win64; x64) AppleWebKit/537.36 (KHTML, like Gecko) Chrome/87.0.4280.88 Safari/537.36"
138.199.27.191 - - [11/Dec/2020:20:23:24 +0000] "GET /favicons/favicon-16x16.png HTTP/1.1" 200 4490 "http://aaronrosenmund.com/" "Mozilla/5.0 (Windows NT 10.0; Win64; x64) AppleWebKit/537.36 (KHTML, like Gecko) Chrome/87.0.4280.88 Safari/537.36"
52.208.215.16 - - [11/Dec/2020:20:23:46 +0000] "GET / HTTP/1.1" 200 6472 "-" "Mozilla/5.0 zgrab/0.x"
107.189.10.185 - - [11/Dec/2020:20:35:05 +0000] "GET /blog/2020/09/2 HTTP/1.1" 301 574 "http://aaronrosenmund.com:80/blog/2020/09/2" "Mozilla/5.0 (compatible; MSIE 10.0; Windows NT 6.1; Trident/6.0)"
51.81.84.125 - - [11/Dec/2020:20:35:07 +0000] "GET /blog/2020/09/2 HTTP/1.1" 404 4205 "https://aaronrosenmund.com/blog/2020/09/2" "Mozilla/5.0 (compatible; MSIE 10.0; Windows NT 6.1; Trident/6.0)"
87.115.231.250 - - [11/Dec/2020:20:35:17 +0000] "GET /blog/2020/09/26/ironcat-ransmoware/ HTTP/1.1" 200 30452 "https://aaronrosenmund.com/blog/2020/09/26/ironcat-ransmoware/" "Mozilla/5.0 (Windows NT 10.0; Win64; x64) AppleWebKit/537.36 (KHTML, like Gecko) Chrome/86.0.4240.198 Safari/537.36"
167.172.0.155 - - [11/Dec/2020:20:35:17 +0000] "GET /blog/2020/09/26/ironcat-ransmoware/ HTTP/1.1" 200 30452 "https://aaronrosenmund.com/blog/2020/09/26/ironcat-ransmoware/" "Mozilla/5.0 (Windows NT 10.0; Win64; x64) AppleWebKit/537.36 (KHTML, like Gecko) Chrome/76.0.3809.71 Safari/537.36"
193.239.84.91 - - [11/Dec/2020:20:35:18 +0000] "GET /blog/2020/09/26/ironcat-ransmoware/ HTTP/1.1" 200 30452 "https://aaronrosenmund.com/blog/2020/09/26/ironcat-ransmoware/" "Mozilla/5.0 (iPhone; CPU iPhone OS 13_6_1 like Mac OS X) AppleWebKit/605.1.15 (KHTML, like Gecko) Version/13.1.2 Mobile/15E148 Safari/604.1"
68.183.245.118 - - [11/Dec/2020:20:35:18 +0000] "GET /blog/2020/09/26/ironcat-ransmoware/ HTTP/1.1" 200 30452 "https://aaronrosenmund.com/blog/2020/09/26/ironcat-ransmoware/" "Mozilla/5.0 (iPhone; CPU iPhone OS 14_0_1 like Mac OS X) AppleWebKit/605.1.15 (KHTML, like Gecko) Version/14.0 Mobile/15E148 Safari/604.1"
154.127.57.204 - - [11/Dec/2020:20:35:22 +0000] "GET /blog/2020/09/26/ironcat-ransmoware/ HTTP/1.1" 200 30452 "https://aaronrosenmund.com/blog/2020/09/26/ironcat-ransmoware/" "Mozilla/5.0 (Linux; U; Android 4.3; en-us; SM-N900T Build/JSS15J) AppleWebKit/534.30 (KHTML, like Gecko) Version/4.0 Mobile Safari/534.30"
193.239.84.91 - - [11/Dec/2020:20:35:28 +0000] "GET /favicons/favicon-32x32.png HTTP/1.1" 200 4799 "https://aaronrosenmund.com/favicons/favicon-32x32.png" "Mozilla/5.0 (iPhone; CPU iPhone OS 13_6_1 like Mac OS X) AppleWebKit/605.1.15 (KHTML, like Gecko) Version/13.1.2 Mobile/15E148 Safari/604.1"
193.239.84.91 - - [11/Dec/2020:20:35:29 +0000] "GET /favicons/android-48x48.png HTTP/1.1" 200 5064 "https://aaronrosenmund.com/favicons/android-48x48.png" "Mozilla/5.0 (iPhone; CPU iPhone OS 13_6_1 like Mac OS X) AppleWebKit/605.1.15 (KHTML, like Gecko) Version/13.1.2 Mobile/15E148 Safari/604.1"
193.239.84.91 - - [11/Dec/2020:20:35:30 +0000] "GET /favicons/favicon-16x16.png HTTP/1.1" 200 4490 "https://aaronrosenmund.com/favicons/favicon-16x16.png" "Mozilla/5.0 (iPhone; CPU iPhone OS 13_6_1 like Mac OS X) AppleWebKit/605.1.15 (KHTML, like Gecko) Version/13.1.2 Mobile/15E148 Safari/604.1"
193.239.84.91 - - [11/Dec/2020:20:35:30 +0000] "GET /favicons/android-72x72.png HTTP/1.1" 200 5941 "https://aaronrosenmund.com/favicons/android-72x72.png" "Mozilla/5.0 (iPhone; CPU iPhone OS 13_6_1 like Mac OS X) AppleWebKit/605.1.15 (KHTML, like Gecko) Version/13.1.2 Mobile/15E148 Safari/604.1"
193.239.84.91 - - [11/Dec/2020:20:35:30 +0000] "GET /favicons/android-36x36.png HTTP/1.1" 200 4972 "https://aaronrosenmund.com/favicons/android-36x36.png" "Mozilla/5.0 (iPhone; CPU iPhone OS 13_6_1 like Mac OS X) AppleWebKit/605.1.15 (KHTML, like Gecko) Version/13.1.2 Mobile/15E148 Safari/604.1"
193.239.84.91 - - [11/Dec/2020:20:35:30 +0000] "GET /favicons/android-144x144.png HTTP/1.1" 200 8315 "https://aaronrosenmund.com/favicons/android-144x144.png" "Mozilla/5.0 (iPhone; CPU iPhone OS 13_6_1 like Mac OS X) AppleWebKit/605.1.15 (KHTML, like Gecko) Version/13.1.2 Mobile/15E148 Safari/604.1"
193.239.84.91 - - [11/Dec/2020:20:35:30 +0000] "GET /favicons/android-96x96.png HTTP/1.1" 200 6324 "https://aaronrosenmund.com/favicons/android-96x96.png" "Mozilla/5.0 (iPhone; CPU iPhone OS 13_6_1 like Mac OS X) AppleWebKit/605.1.15 (KHTML, like Gecko) Version/13.1.2 Mobile/15E148 Safari/604.1"
193.239.84.91 - - [11/Dec/2020:20:35:30 +0000] "GET /favicons/android-192x192.png HTTP/1.1" 200 9280 "https://aaronrosenmund.com/favicons/android-192x192.png" "Mozilla/5.0 (iPhone; CPU iPhone OS 13_6_1 like Mac OS X) AppleWebKit/605.1.15 (KHTML, like Gecko) Version/13.1.2 Mobile/15E148 Safari/604.1"
87.115.231.250 - - [11/Dec/2020:20:39:53 +0000] "GET /favicons/favicon-16x16.png HTTP/1.1" 200 4490 "https://aaronrosenmund.com/favicons/favicon-16x16.png" "Mozilla/5.0 (Windows NT 10.0; Win64; x64) AppleWebKit/537.36 (KHTML, like Gecko) Chrome/86.0.4240.198 Safari/537.36"
87.115.231.250 - - [11/Dec/2020:20:39:53 +0000] "GET /favicons/android-192x192.png HTTP/1.1" 200 9280 "https://aaronrosenmund.com/favicons/android-192x192.png" "Mozilla/5.0 (Windows NT 10.0; Win64; x64) AppleWebKit/537.36 (KHTML, like Gecko) Chrome/86.0.4240.198 Safari/537.36"
87.115.231.250 - - [11/Dec/2020:20:39:53 +0000] "GET /favicons/android-48x48.png HTTP/1.1" 200 5064 "https://aaronrosenmund.com/favicons/android-48x48.png" "Mozilla/5.0 (Windows NT 10.0; Win64; x64) AppleWebKit/537.36 (KHTML, like Gecko) Chrome/86.0.4240.198 Safari/537.36"
87.115.231.250 - - [11/Dec/2020:20:39:53 +0000] "GET /favicons/android-144x144.png HTTP/1.1" 200 8315 "https://aaronrosenmund.com/favicons/android-144x144.png" "Mozilla/5.0 (Windows NT 10.0; Win64; x64) AppleWebKit/537.36 (KHTML, like Gecko) Chrome/86.0.4240.198 Safari/537.36"
87.115.231.250 - - [11/Dec/2020:20:39:53 +0000] "GET /favicons/favicon-32x32.png HTTP/1.1" 200 4799 "https://aaronrosenmund.com/favicons/favicon-32x32.png" "Mozilla/5.0 (Windows NT 10.0; Win64; x64) AppleWebKit/537.36 (KHTML, like Gecko) Chrome/86.0.4240.198 Safari/537.36"
87.115.231.250 - - [11/Dec/2020:20:39:53 +0000] "GET /favicons/android-96x96.png HTTP/1.1" 200 6324 "https://aaronrosenmund.com/favicons/android-96x96.png" "Mozilla/5.0 (Windows NT 10.0; Win64; x64) AppleWebKit/537.36 (KHTML, like Gecko) Chrome/86.0.4240.198 Safari/537.36"
87.115.231.250 - - [11/Dec/2020:20:39:53 +0000] "GET /favicons/android-36x36.png HTTP/1.1" 200 4972 "https://aaronrosenmund.com/favicons/android-36x36.png" "Mozilla/5.0 (Windows NT 10.0; Win64; x64) AppleWebKit/537.36 (KHTML, like Gecko) Chrome/86.0.4240.198 Safari/537.36"
87.115.231.250 - - [11/Dec/2020:20:39:56 +0000] "GET /favicons/android-72x72.png HTTP/1.1" 200 5941 "https://aaronrosenmund.com/favicons/android-72x72.png" "Mozilla/5.0 (Windows NT 10.0; Win64; x64) AppleWebKit/537.36 (KHTML, like Gecko) Chrome/86.0.4240.198 Safari/537.36"
68.183.245.118 - - [11/Dec/2020:20:40:04 +0000] "GET /favicons/favicon-16x16.png HTTP/1.1" 200 4490 "https://aaronrosenmund.com/favicons/favicon-16x16.png" "Mozilla/5.0 (iPhone; CPU iPhone OS 14_0_1 like Mac OS X) AppleWebKit/605.1.15 (KHTML, like Gecko) Version/14.0 Mobile/15E148 Safari/604.1"
68.183.245.118 - - [11/Dec/2020:20:40:04 +0000] "GET /favicons/android-36x36.png HTTP/1.1" 200 4972 "https://aaronrosenmund.com/favicons/android-36x36.png" "Mozilla/5.0 (iPhone; CPU iPhone OS 14_0_1 like Mac OS X) AppleWebKit/605.1.15 (KHTML, like Gecko) Version/14.0 Mobile/15E148 Safari/604.1"
68.183.245.118 - - [11/Dec/2020:20:40:04 +0000] "GET /favicons/favicon-32x32.png HTTP/1.1" 200 4799 "https://aaronrosenmund.com/favicons/favicon-32x32.png" "Mozilla/5.0 (iPhone; CPU iPhone OS 14_0_1 like Mac OS X) AppleWebKit/605.1.15 (KHTML, like Gecko) Version/14.0 Mobile/15E148 Safari/604.1"
68.183.245.118 - - [11/Dec/2020:20:40:04 +0000] "GET /favicons/android-48x48.png HTTP/1.1" 200 5064 "https://aaronrosenmund.com/favicons/android-48x48.png" "Mozilla/5.0 (iPhone; CPU iPhone OS 14_0_1 like Mac OS X) AppleWebKit/605.1.15 (KHTML, like Gecko) Version/14.0 Mobile/15E148 Safari/604.1"
68.183.245.118 - - [11/Dec/2020:20:40:04 +0000] "GET /favicons/android-144x144.png HTTP/1.1" 200 8315 "https://aaronrosenmund.com/favicons/android-144x144.png" "Mozilla/5.0 (iPhone; CPU iPhone OS 14_0_1 like Mac OS X) AppleWebKit/605.1.15 (KHTML, like Gecko) Version/14.0 Mobile/15E148 Safari/604.1"
68.183.245.118 - - [11/Dec/2020:20:40:04 +0000] "GET /favicons/android-192x192.png HTTP/1.1" 200 9280 "https://aaronrosenmund.com/favicons/android-192x192.png" "Mozilla/5.0 (iPhone; CPU iPhone OS 14_0_1 like Mac OS X) AppleWebKit/605.1.15 (KHTML, like Gecko) Version/14.0 Mobile/15E148 Safari/604.1"
68.183.245.118 - - [11/Dec/2020:20:40:04 +0000] "GET /favicons/android-72x72.png HTTP/1.1" 200 5941 "https://aaronrosenmund.com/favicons/android-72x72.png" "Mozilla/5.0 (iPhone; CPU iPhone OS 14_0_1 like Mac OS X) AppleWebKit/605.1.15 (KHTML, like Gecko) Version/14.0 Mobile/15E148 Safari/604.1"
68.183.245.118 - - [11/Dec/2020:20:40:04 +0000] "GET /favicons/android-96x96.png HTTP/1.1" 200 6324 "https://aaronrosenmund.com/favicons/android-96x96.png" "Mozilla/5.0 (iPhone; CPU iPhone OS 14_0_1 like Mac OS X) AppleWebKit/605.1.15 (KHTML, like Gecko) Version/14.0 Mobile/15E148 Safari/604.1"
167.172.0.155 - - [11/Dec/2020:20:40:10 +0000] "GET /favicons/favicon-32x32.png HTTP/1.1" 200 4799 "https://aaronrosenmund.com/favicons/favicon-32x32.png" "Mozilla/5.0 (Windows NT 10.0; Win64; x64) AppleWebKit/537.36 (KHTML, like Gecko) Chrome/76.0.3809.71 Safari/537.36"
167.172.0.155 - - [11/Dec/2020:20:40:10 +0000] "GET /favicons/android-96x96.png HTTP/1.1" 200 6324 "https://aaronrosenmund.com/favicons/android-96x96.png" "Mozilla/5.0 (Windows NT 10.0; Win64; x64) AppleWebKit/537.36 (KHTML, like Gecko) Chrome/76.0.3809.71 Safari/537.36"
167.172.0.155 - - [11/Dec/2020:20:40:10 +0000] "GET /favicons/android-72x72.png HTTP/1.1" 200 5941 "https://aaronrosenmund.com/favicons/android-72x72.png" "Mozilla/5.0 (Windows NT 10.0; Win64; x64) AppleWebKit/537.36 (KHTML, like Gecko) Chrome/76.0.3809.71 Safari/537.36"
167.172.0.155 - - [11/Dec/2020:20:40:10 +0000] "GET /favicons/android-48x48.png HTTP/1.1" 200 5064 "https://aaronrosenmund.com/favicons/android-48x48.png" "Mozilla/5.0 (Windows NT 10.0; Win64; x64) AppleWebKit/537.36 (KHTML, like Gecko) Chrome/76.0.3809.71 Safari/537.36"
167.172.0.155 - - [11/Dec/2020:20:40:10 +0000] "GET /favicons/android-36x36.png HTTP/1.1" 200 4972 "https://aaronrosenmund.com/favicons/android-36x36.png" "Mozilla/5.0 (Windows NT 10.0; Win64; x64) AppleWebKit/537.36 (KHTML, like Gecko) Chrome/76.0.3809.71 Safari/537.36"
167.172.0.155 - - [11/Dec/2020:20:40:10 +0000] "GET /favicons/favicon-16x16.png HTTP/1.1" 200 4490 "https://aaronrosenmund.com/favicons/favicon-16x16.png" "Mozilla/5.0 (Windows NT 10.0; Win64; x64) AppleWebKit/537.36 (KHTML, like Gecko) Chrome/76.0.3809.71 Safari/537.36"
167.172.0.155 - - [11/Dec/2020:20:40:10 +0000] "GET /favicons/android-192x192.png HTTP/1.1" 200 9280 "https://aaronrosenmund.com/favicons/android-192x192.png" "Mozilla/5.0 (Windows NT 10.0; Win64; x64) AppleWebKit/537.36 (KHTML, like Gecko) Chrome/76.0.3809.71 Safari/537.36"
167.172.0.155 - - [11/Dec/2020:20:40:10 +0000] "GET /favicons/android-144x144.png HTTP/1.1" 200 8315 "https://aaronrosenmund.com/favicons/android-144x144.png" "Mozilla/5.0 (Windows NT 10.0; Win64; x64) AppleWebKit/537.36 (KHTML, like Gecko) Chrome/76.0.3809.71 Safari/537.36"
154.127.57.204 - - [11/Dec/2020:20:40:20 +0000] "GET /favicons/android-36x36.png HTTP/1.1" 200 4972 "https://aaronrosenmund.com/favicons/android-36x36.png" "Mozilla/5.0 (Linux; U; Android 4.3; en-us; SM-N900T Build/JSS15J) AppleWebKit/534.30 (KHTML, like Gecko) Version/4.0 Mobile Safari/534.30"
154.127.57.204 - - [11/Dec/2020:20:40:20 +0000] "GET /favicons/favicon-16x16.png HTTP/1.1" 200 4490 "https://aaronrosenmund.com/favicons/favicon-16x16.png" "Mozilla/5.0 (Linux; U; Android 4.3; en-us; SM-N900T Build/JSS15J) AppleWebKit/534.30 (KHTML, like Gecko) Version/4.0 Mobile Safari/534.30"
154.127.57.204 - - [11/Dec/2020:20:40:20 +0000] "GET /favicons/android-144x144.png HTTP/1.1" 200 8315 "https://aaronrosenmund.com/favicons/android-144x144.png" "Mozilla/5.0 (Linux; U; Android 4.3; en-us; SM-N900T Build/JSS15J) AppleWebKit/534.30 (KHTML, like Gecko) Version/4.0 Mobile Safari/534.30"
154.127.57.204 - - [11/Dec/2020:20:40:20 +0000] "GET /favicons/favicon-32x32.png HTTP/1.1" 200 4799 "https://aaronrosenmund.com/favicons/favicon-32x32.png" "Mozilla/5.0 (Linux; U; Android 4.3; en-us; SM-N900T Build/JSS15J) AppleWebKit/534.30 (KHTML, like Gecko) Version/4.0 Mobile Safari/534.30"
154.127.57.204 - - [11/Dec/2020:20:40:20 +0000] "GET /favicons/android-96x96.png HTTP/1.1" 200 6324 "https://aaronrosenmund.com/favicons/android-96x96.png" "Mozilla/5.0 (Linux; U; Android 4.3; en-us; SM-N900T Build/JSS15J) AppleWebKit/534.30 (KHTML, like Gecko) Version/4.0 Mobile Safari/534.30"
154.127.57.204 - - [11/Dec/2020:20:40:20 +0000] "GET /favicons/android-48x48.png HTTP/1.1" 200 5064 "https://aaronrosenmund.com/favicons/android-48x48.png" "Mozilla/5.0 (Linux; U; Android 4.3; en-us; SM-N900T Build/JSS15J) AppleWebKit/534.30 (KHTML, like Gecko) Version/4.0 Mobile Safari/534.30"
154.127.57.204 - - [11/Dec/2020:20:40:20 +0000] "GET /favicons/android-192x192.png HTTP/1.1" 200 9280 "https://aaronrosenmund.com/favicons/android-192x192.png" "Mozilla/5.0 (Linux; U; Android 4.3; en-us; SM-N900T Build/JSS15J) AppleWebKit/534.30 (KHTML, like Gecko) Version/4.0 Mobile Safari/534.30"
154.127.57.204 - - [11/Dec/2020:20:40:20 +0000] "GET /favicons/android-72x72.png HTTP/1.1" 200 5941 "https://aaronrosenmund.com/favicons/android-72x72.png" "Mozilla/5.0 (Linux; U; Android 4.3; en-us; SM-N900T Build/JSS15J) AppleWebKit/534.30 (KHTML, like Gecko) Version/4.0 Mobile Safari/534.30"
167.172.0.155 - - [11/Dec/2020:21:01:51 +0000] "GET / HTTP/1.1" 200 10793 "http://www.aaronrosenmund.com/" "Mozilla/5.0 (Linux; U; Android 4.3; en-us; SM-N900T Build/JSS15J) AppleWebKit/534.30 (KHTML, like Gecko) Version/4.0 Mobile Safari/534.30"
87.115.231.250 - - [11/Dec/2020:21:01:51 +0000] "GET / HTTP/1.1" 200 10793 "http://www.aaronrosenmund.com/" "Mozilla/5.0 (Windows NT 10.0; Win64; x64; rv:83.0) Gecko/20100101 Firefox/83.0"
212.102.35.142 - - [11/Dec/2020:21:01:51 +0000] "GET / HTTP/1.1" 200 10756 "http://www.aaronrosenmund.com/" "Mozilla/5.0 (Linux; U; Android 8.1.0; zh-CN; EML-AL00 Build/HUAWEIEML-AL00) AppleWebKit/537.36 (KHTML, like Gecko) Version/4.0 Chrome/57.0.2987.108 baidu.sogo.uc.UCBrowser/11.9.4.974 UWS/2.13.1.48 Mobile Safari/537.36 AliApp(DingTalk/4.5.11) com.alibaba.android.rimet/10487439 Channel/227200 language/zh-CN"
167.172.0.155 - - [11/Dec/2020:21:01:51 +0000] "GET / HTTP/1.1" 200 14454 "https://www.aaronrosenmund.com/" "Mozilla/5.0 (Linux; U; Android 4.3; en-us; SM-N900T Build/JSS15J) AppleWebKit/534.30 (KHTML, like Gecko) Version/4.0 Mobile Safari/534.30"
212.102.35.142 - - [11/Dec/2020:21:01:51 +0000] "GET / HTTP/1.1" 200 14454 "https://www.aaronrosenmund.com/" "Mozilla/5.0 (Linux; U; Android 8.1.0; zh-CN; EML-AL00 Build/HUAWEIEML-AL00) AppleWebKit/537.36 (KHTML, like Gecko) Version/4.0 Chrome/57.0.2987.108 baidu.sogo.uc.UCBrowser/11.9.4.974 UWS/2.13.1.48 Mobile Safari/537.36 AliApp(DingTalk/4.5.11) com.alibaba.android.rimet/10487439 Channel/227200 language/zh-CN"
87.115.231.250 - - [11/Dec/2020:21:01:51 +0000] "GET / HTTP/1.1" 200 14454 "https://www.aaronrosenmund.com/" "Mozilla/5.0 (Windows NT 10.0; Win64; x64; rv:83.0) Gecko/20100101 Firefox/83.0"
169.38.72.12 - - [11/Dec/2020:21:01:52 +0000] "GET / HTTP/1.1" 200 10756 "http://www.aaronrosenmund.com/" "Mozilla/5.0 (X11; Linux x86_64; rv:78.0) Gecko/20100101 Firefox/78.0"
169.38.72.12 - - [11/Dec/2020:21:01:52 +0000] "GET / HTTP/1.1" 200 14454 "https://www.aaronrosenmund.com/" "Mozilla/5.0 (X11; Linux x86_64; rv:78.0) Gecko/20100101 Firefox/78.0"
5.62.41.153 - - [11/Dec/2020:21:01:55 +0000] "GET / HTTP/1.1" 200 14454 "https://www.aaronrosenmund.com/" "Mozilla/5.0 (iPhone; CPU iPhone OS 14_2 like Mac OS X) AppleWebKit/605.1.15 (KHTML, like Gecko) Version/14.0.1 Mobile/15E148 Safari/604.1"
5.62.41.153 - - [11/Dec/2020:21:01:56 +0000] "GET / HTTP/1.1" 200 10756 "http://www.aaronrosenmund.com/" "Mozilla/5.0 (iPhone; CPU iPhone OS 14_2 like Mac OS X) AppleWebKit/605.1.15 (KHTML, like Gecko) Version/14.0.1 Mobile/15E148 Safari/604.1"
167.172.0.155 - - [11/Dec/2020:21:01:56 +0000] "GET /favicons/android-72x72.png HTTP/1.1" 200 2212 "http://www.aaronrosenmund.com/favicons/android-72x72.png" "Mozilla/5.0 (Linux; U; Android 4.3; en-us; SM-N900T Build/JSS15J) AppleWebKit/534.30 (KHTML, like Gecko) Version/4.0 Mobile Safari/534.30"
167.172.0.155 - - [11/Dec/2020:21:01:56 +0000] "GET /favicons/android-144x144.png HTTP/1.1" 200 4586 "http://www.aaronrosenmund.com/favicons/android-144x144.png" "Mozilla/5.0 (Linux; U; Android 4.3; en-us; SM-N900T Build/JSS15J) AppleWebKit/534.30 (KHTML, like Gecko) Version/4.0 Mobile Safari/534.30"
167.172.0.155 - - [11/Dec/2020:21:01:56 +0000] "GET /favicons/android-96x96.png HTTP/1.1" 200 2595 "http://www.aaronrosenmund.com/favicons/android-96x96.png" "Mozilla/5.0 (Linux; U; Android 4.3; en-us; SM-N900T Build/JSS15J) AppleWebKit/534.30 (KHTML, like Gecko) Version/4.0 Mobile Safari/534.30"
167.172.0.155 - - [11/Dec/2020:21:01:56 +0000] "GET /favicons/android-48x48.png HTTP/1.1" 200 1357 "http://www.aaronrosenmund.com/favicons/android-48x48.png" "Mozilla/5.0 (Linux; U; Android 4.3; en-us; SM-N900T Build/JSS15J) AppleWebKit/534.30 (KHTML, like Gecko) Version/4.0 Mobile Safari/534.30"
167.172.0.155 - - [11/Dec/2020:21:01:56 +0000] "GET /favicons/android-36x36.png HTTP/1.1" 200 1265 "http://www.aaronrosenmund.com/favicons/android-36x36.png" "Mozilla/5.0 (Linux; U; Android 4.3; en-us; SM-N900T Build/JSS15J) AppleWebKit/534.30 (KHTML, like Gecko) Version/4.0 Mobile Safari/534.30"
167.172.0.155 - - [11/Dec/2020:21:01:56 +0000] "GET /favicons/favicon-16x16.png HTTP/1.1" 200 783 "http://www.aaronrosenmund.com/favicons/favicon-16x16.png" "Mozilla/5.0 (Linux; U; Android 4.3; en-us; SM-N900T Build/JSS15J) AppleWebKit/534.30 (KHTML, like Gecko) Version/4.0 Mobile Safari/534.30"
167.172.0.155 - - [11/Dec/2020:21:01:56 +0000] "GET /favicons/favicon-32x32.png HTTP/1.1" 200 1092 "http://www.aaronrosenmund.com/favicons/favicon-32x32.png" "Mozilla/5.0 (Linux; U; Android 4.3; en-us; SM-N900T Build/JSS15J) AppleWebKit/534.30 (KHTML, like Gecko) Version/4.0 Mobile Safari/534.30"
167.172.0.155 - - [11/Dec/2020:21:01:56 +0000] "GET /favicons/android-192x192.png HTTP/1.1" 200 5551 "http://www.aaronrosenmund.com/favicons/android-192x192.png" "Mozilla/5.0 (Linux; U; Android 4.3; en-us; SM-N900T Build/JSS15J) AppleWebKit/534.30 (KHTML, like Gecko) Version/4.0 Mobile Safari/534.30"
169.38.72.12 - - [11/Dec/2020:21:02:02 +0000] "GET /favicons/favicon-16x16.png HTTP/1.1" 200 746 "http://www.aaronrosenmund.com/favicons/favicon-16x16.png" "Mozilla/5.0 (X11; Linux x86_64; rv:78.0) Gecko/20100101 Firefox/78.0"
169.38.72.12 - - [11/Dec/2020:21:02:02 +0000] "GET /favicons/favicon-32x32.png HTTP/1.1" 200 1055 "http://www.aaronrosenmund.com/favicons/favicon-32x32.png" "Mozilla/5.0 (X11; Linux x86_64; rv:78.0) Gecko/20100101 Firefox/78.0"
169.38.72.12 - - [11/Dec/2020:21:02:02 +0000] "GET /favicons/android-144x144.png HTTP/1.1" 200 4549 "http://www.aaronrosenmund.com/favicons/android-144x144.png" "Mozilla/5.0 (X11; Linux x86_64; rv:78.0) Gecko/20100101 Firefox/78.0"
169.38.72.12 - - [11/Dec/2020:21:02:02 +0000] "GET /favicons/android-48x48.png HTTP/1.1" 200 1320 "http://www.aaronrosenmund.com/favicons/android-48x48.png" "Mozilla/5.0 (X11; Linux x86_64; rv:78.0) Gecko/20100101 Firefox/78.0"
169.38.72.12 - - [11/Dec/2020:21:02:02 +0000] "GET /favicons/android-72x72.png HTTP/1.1" 200 2175 "http://www.aaronrosenmund.com/favicons/android-72x72.png" "Mozilla/5.0 (X11; Linux x86_64; rv:78.0) Gecko/20100101 Firefox/78.0"
169.38.72.12 - - [11/Dec/2020:21:02:02 +0000] "GET /favicons/android-192x192.png HTTP/1.1" 200 5514 "http://www.aaronrosenmund.com/favicons/android-192x192.png" "Mozilla/5.0 (X11; Linux x86_64; rv:78.0) Gecko/20100101 Firefox/78.0"
169.38.72.12 - - [11/Dec/2020:21:02:02 +0000] "GET /favicons/android-96x96.png HTTP/1.1" 200 2558 "http://www.aaronrosenmund.com/favicons/android-96x96.png" "Mozilla/5.0 (X11; Linux x86_64; rv:78.0) Gecko/20100101 Firefox/78.0"
169.38.72.12 - - [11/Dec/2020:21:02:03 +0000] "GET /favicons/android-36x36.png HTTP/1.1" 200 1228 "http://www.aaronrosenmund.com/favicons/android-36x36.png" "Mozilla/5.0 (X11; Linux x86_64; rv:78.0) Gecko/20100101 Firefox/78.0"
198.144.120.177 - - [11/Dec/2020:21:24:01 +0000] "GET / HTTP/1.1" 200 13875 "https://www.aaronrosenmund.com:443/" "Mozilla/5.0 (compatible; MSIE 10.0; Windows NT 6.1; Trident/6.0)"
68.183.241.134 - - [11/Dec/2020:21:27:04 +0000] "GET / HTTP/1.1" 200 10793 "http://www.aaronrosenmund.com/" "Mozilla/5.0 (Windows NT 10.0; Win64; x64) AppleWebKit/537.36 (KHTML, like Gecko) Chrome/76.0.3809.71 Safari/537.36"
217.138.254.57 - - [11/Dec/2020:21:27:04 +0000] "GET / HTTP/1.1" 200 10756 "http://www.aaronrosenmund.com/" "Mozilla/5.0 (iPhone; CPU iPhone OS 13_6_1 like Mac OS X) AppleWebKit/605.1.15 (KHTML, like Gecko) Version/13.1.2 Mobile/15E148 Safari/604.1"
167.172.10.45 - - [11/Dec/2020:21:27:04 +0000] "GET / HTTP/1.1" 200 10793 "http://www.aaronrosenmund.com/" "Mozilla/5.0 (iPhone; CPU iPhone OS 13_7 like Mac OS X) AppleWebKit/605.1.15 (KHTML, like Gecko) Version/13.1.2 Mobile/15E148 Safari/604.1"
217.138.254.57 - - [11/Dec/2020:21:27:04 +0000] "GET / HTTP/1.1" 200 14454 "https://www.aaronrosenmund.com/" "Mozilla/5.0 (iPhone; CPU iPhone OS 13_6_1 like Mac OS X) AppleWebKit/605.1.15 (KHTML, like Gecko) Version/13.1.2 Mobile/15E148 Safari/604.1"
68.183.241.134 - - [11/Dec/2020:21:27:04 +0000] "GET / HTTP/1.1" 200 14454 "https://www.aaronrosenmund.com/" "Mozilla/5.0 (Windows NT 10.0; Win64; x64) AppleWebKit/537.36 (KHTML, like Gecko) Chrome/76.0.3809.71 Safari/537.36"
87.115.231.250 - - [11/Dec/2020:21:27:04 +0000] "GET / HTTP/1.1" 200 14454 "https://www.aaronrosenmund.com/" "Mozilla/5.0 (Windows NT 10.0; Win64; x64) AppleWebKit/537.36 (KHTML, like Gecko) Chrome/86.0.4240.198 Safari/537.36"
68.183.245.118 - - [11/Dec/2020:21:27:04 +0000] "GET / HTTP/1.1" 200 10793 "http://www.aaronrosenmund.com/" "Mozilla/5.0 (Linux; Android 7.0; SAMSUNG SM-G950F Build/NRD90M) AppleWebKit/537.36 (KHTML, like Gecko) SamsungBrowser/5.2 Chrome/51.0.2704.106 Mobile Safari/537.36"
167.172.10.45 - - [11/Dec/2020:21:27:04 +0000] "GET / HTTP/1.1" 200 14454 "https://www.aaronrosenmund.com/" "Mozilla/5.0 (iPhone; CPU iPhone OS 13_7 like Mac OS X) AppleWebKit/605.1.15 (KHTML, like Gecko) Version/13.1.2 Mobile/15E148 Safari/604.1"
68.183.245.118 - - [11/Dec/2020:21:27:05 +0000] "GET / HTTP/1.1" 200 14454 "https://www.aaronrosenmund.com/" "Mozilla/5.0 (Linux; Android 7.0; SAMSUNG SM-G950F Build/NRD90M) AppleWebKit/537.36 (KHTML, like Gecko) SamsungBrowser/5.2 Chrome/51.0.2704.106 Mobile Safari/537.36"
87.115.231.250 - - [11/Dec/2020:21:27:05 +0000] "GET / HTTP/1.1" 200 10793 "http://www.aaronrosenmund.com/" "Mozilla/5.0 (Windows NT 10.0; Win64; x64) AppleWebKit/537.36 (KHTML, like Gecko) Chrome/86.0.4240.198 Safari/537.36"
68.183.245.118 - - [11/Dec/2020:21:27:05 +0000] "GET /favicons/android-192x192.png HTTP/1.1" 200 5550 "http://www.aaronrosenmund.com/favicons/android-192x192.png" "Mozilla/5.0 (Linux; Android 7.0; SAMSUNG SM-G950F Build/NRD90M) AppleWebKit/537.36 (KHTML, like Gecko) SamsungBrowser/5.2 Chrome/51.0.2704.106 Mobile Safari/537.36"
68.183.245.118 - - [11/Dec/2020:21:27:05 +0000] "GET /favicons/android-144x144.png HTTP/1.1" 200 4586 "http://www.aaronrosenmund.com/favicons/android-144x144.png" "Mozilla/5.0 (Linux; Android 7.0; SAMSUNG SM-G950F Build/NRD90M) AppleWebKit/537.36 (KHTML, like Gecko) SamsungBrowser/5.2 Chrome/51.0.2704.106 Mobile Safari/537.36"
68.183.245.118 - - [11/Dec/2020:21:27:05 +0000] "GET /favicons/favicon-32x32.png HTTP/1.1" 200 1092 "http://www.aaronrosenmund.com/favicons/favicon-32x32.png" "Mozilla/5.0 (Linux; Android 7.0; SAMSUNG SM-G950F Build/NRD90M) AppleWebKit/537.36 (KHTML, like Gecko) SamsungBrowser/5.2 Chrome/51.0.2704.106 Mobile Safari/537.36"
68.183.245.118 - - [11/Dec/2020:21:27:05 +0000] "GET /favicons/android-96x96.png HTTP/1.1" 200 2595 "http://www.aaronrosenmund.com/favicons/android-96x96.png" "Mozilla/5.0 (Linux; Android 7.0; SAMSUNG SM-G950F Build/NRD90M) AppleWebKit/537.36 (KHTML, like Gecko) SamsungBrowser/5.2 Chrome/51.0.2704.106 Mobile Safari/537.36"
68.183.245.118 - - [11/Dec/2020:21:27:05 +0000] "GET /favicons/android-72x72.png HTTP/1.1" 200 2212 "http://www.aaronrosenmund.com/favicons/android-72x72.png" "Mozilla/5.0 (Linux; Android 7.0; SAMSUNG SM-G950F Build/NRD90M) AppleWebKit/537.36 (KHTML, like Gecko) SamsungBrowser/5.2 Chrome/51.0.2704.106 Mobile Safari/537.36"
68.183.245.118 - - [11/Dec/2020:21:27:05 +0000] "GET /favicons/android-36x36.png HTTP/1.1" 200 1265 "http://www.aaronrosenmund.com/favicons/android-36x36.png" "Mozilla/5.0 (Linux; Android 7.0; SAMSUNG SM-G950F Build/NRD90M) AppleWebKit/537.36 (KHTML, like Gecko) SamsungBrowser/5.2 Chrome/51.0.2704.106 Mobile Safari/537.36"
68.183.245.118 - - [11/Dec/2020:21:27:05 +0000] "GET /favicons/favicon-16x16.png HTTP/1.1" 200 783 "http://www.aaronrosenmund.com/favicons/favicon-16x16.png" "Mozilla/5.0 (Linux; Android 7.0; SAMSUNG SM-G950F Build/NRD90M) AppleWebKit/537.36 (KHTML, like Gecko) SamsungBrowser/5.2 Chrome/51.0.2704.106 Mobile Safari/537.36"
68.183.245.118 - - [11/Dec/2020:21:27:05 +0000] "GET /favicons/android-48x48.png HTTP/1.1" 200 1357 "http://www.aaronrosenmund.com/favicons/android-48x48.png" "Mozilla/5.0 (Linux; Android 7.0; SAMSUNG SM-G950F Build/NRD90M) AppleWebKit/537.36 (KHTML, like Gecko) SamsungBrowser/5.2 Chrome/51.0.2704.106 Mobile Safari/537.36"
68.183.241.134 - - [11/Dec/2020:21:27:09 +0000] "GET /favicons/favicon-32x32.png HTTP/1.1" 200 1092 "http://www.aaronrosenmund.com/favicons/favicon-32x32.png" "Mozilla/5.0 (Windows NT 10.0; Win64; x64) AppleWebKit/537.36 (KHTML, like Gecko) Chrome/76.0.3809.71 Safari/537.36"
68.183.241.134 - - [11/Dec/2020:21:27:09 +0000] "GET /favicons/android-36x36.png HTTP/1.1" 200 1265 "http://www.aaronrosenmund.com/favicons/android-36x36.png" "Mozilla/5.0 (Windows NT 10.0; Win64; x64) AppleWebKit/537.36 (KHTML, like Gecko) Chrome/76.0.3809.71 Safari/537.36"
68.183.241.134 - - [11/Dec/2020:21:27:09 +0000] "GET /favicons/android-192x192.png HTTP/1.1" 200 5551 "http://www.aaronrosenmund.com/favicons/android-192x192.png" "Mozilla/5.0 (Windows NT 10.0; Win64; x64) AppleWebKit/537.36 (KHTML, like Gecko) Chrome/76.0.3809.71 Safari/537.36"
68.183.241.134 - - [11/Dec/2020:21:27:09 +0000] "GET /favicons/android-72x72.png HTTP/1.1" 200 2212 "http://www.aaronrosenmund.com/favicons/android-72x72.png" "Mozilla/5.0 (Windows NT 10.0; Win64; x64) AppleWebKit/537.36 (KHTML, like Gecko) Chrome/76.0.3809.71 Safari/537.36"
68.183.241.134 - - [11/Dec/2020:21:27:09 +0000] "GET /favicons/android-48x48.png HTTP/1.1" 200 1357 "http://www.aaronrosenmund.com/favicons/android-48x48.png" "Mozilla/5.0 (Windows NT 10.0; Win64; x64) AppleWebKit/537.36 (KHTML, like Gecko) Chrome/76.0.3809.71 Safari/537.36"
68.183.241.134 - - [11/Dec/2020:21:27:09 +0000] "GET /favicons/favicon-16x16.png HTTP/1.1" 200 783 "http://www.aaronrosenmund.com/favicons/favicon-16x16.png" "Mozilla/5.0 (Windows NT 10.0; Win64; x64) AppleWebKit/537.36 (KHTML, like Gecko) Chrome/76.0.3809.71 Safari/537.36"
68.183.241.134 - - [11/Dec/2020:21:27:09 +0000] "GET /favicons/android-144x144.png HTTP/1.1" 200 4586 "http://www.aaronrosenmund.com/favicons/android-144x144.png" "Mozilla/5.0 (Windows NT 10.0; Win64; x64) AppleWebKit/537.36 (KHTML, like Gecko) Chrome/76.0.3809.71 Safari/537.36"
68.183.241.134 - - [11/Dec/2020:21:27:09 +0000] "GET /favicons/android-96x96.png HTTP/1.1" 200 2595 "http://www.aaronrosenmund.com/favicons/android-96x96.png" "Mozilla/5.0 (Windows NT 10.0; Win64; x64) AppleWebKit/537.36 (KHTML, like Gecko) Chrome/76.0.3809.71 Safari/537.36"
217.138.254.57 - - [11/Dec/2020:21:27:12 +0000] "GET /favicons/favicon-16x16.png HTTP/1.1" 200 746 "http://www.aaronrosenmund.com/favicons/favicon-16x16.png" "Mozilla/5.0 (iPhone; CPU iPhone OS 13_6_1 like Mac OS X) AppleWebKit/605.1.15 (KHTML, like Gecko) Version/13.1.2 Mobile/15E148 Safari/604.1"
217.138.254.57 - - [11/Dec/2020:21:27:12 +0000] "GET /favicons/android-96x96.png HTTP/1.1" 200 2558 "http://www.aaronrosenmund.com/favicons/android-96x96.png" "Mozilla/5.0 (iPhone; CPU iPhone OS 13_6_1 like Mac OS X) AppleWebKit/605.1.15 (KHTML, like Gecko) Version/13.1.2 Mobile/15E148 Safari/604.1"
217.138.254.57 - - [11/Dec/2020:21:27:12 +0000] "GET /favicons/favicon-32x32.png HTTP/1.1" 200 1055 "http://www.aaronrosenmund.com/favicons/favicon-32x32.png" "Mozilla/5.0 (iPhone; CPU iPhone OS 13_6_1 like Mac OS X) AppleWebKit/605.1.15 (KHTML, like Gecko) Version/13.1.2 Mobile/15E148 Safari/604.1"
217.138.254.57 - - [11/Dec/2020:21:27:12 +0000] "GET /favicons/android-36x36.png HTTP/1.1" 200 1228 "http://www.aaronrosenmund.com/favicons/android-36x36.png" "Mozilla/5.0 (iPhone; CPU iPhone OS 13_6_1 like Mac OS X) AppleWebKit/605.1.15 (KHTML, like Gecko) Version/13.1.2 Mobile/15E148 Safari/604.1"
217.138.254.57 - - [11/Dec/2020:21:27:12 +0000] "GET /favicons/android-192x192.png HTTP/1.1" 200 5514 "http://www.aaronrosenmund.com/favicons/android-192x192.png" "Mozilla/5.0 (iPhone; CPU iPhone OS 13_6_1 like Mac OS X) AppleWebKit/605.1.15 (KHTML, like Gecko) Version/13.1.2 Mobile/15E148 Safari/604.1"
217.138.254.57 - - [11/Dec/2020:21:27:12 +0000] "GET /favicons/android-48x48.png HTTP/1.1" 200 1320 "http://www.aaronrosenmund.com/favicons/android-48x48.png" "Mozilla/5.0 (iPhone; CPU iPhone OS 13_6_1 like Mac OS X) AppleWebKit/605.1.15 (KHTML, like Gecko) Version/13.1.2 Mobile/15E148 Safari/604.1"
217.138.254.57 - - [11/Dec/2020:21:27:12 +0000] "GET /favicons/android-72x72.png HTTP/1.1" 200 2175 "http://www.aaronrosenmund.com/favicons/android-72x72.png" "Mozilla/5.0 (iPhone; CPU iPhone OS 13_6_1 like Mac OS X) AppleWebKit/605.1.15 (KHTML, like Gecko) Version/13.1.2 Mobile/15E148 Safari/604.1"
217.138.254.57 - - [11/Dec/2020:21:27:12 +0000] "GET /favicons/android-144x144.png HTTP/1.1" 200 4549 "http://www.aaronrosenmund.com/favicons/android-144x144.png" "Mozilla/5.0 (iPhone; CPU iPhone OS 13_6_1 like Mac OS X) AppleWebKit/605.1.15 (KHTML, like Gecko) Version/13.1.2 Mobile/15E148 Safari/604.1"
87.115.231.250 - - [11/Dec/2020:21:27:15 +0000] "GET /favicons/favicon-16x16.png HTTP/1.1" 200 783 "http://www.aaronrosenmund.com/favicons/favicon-16x16.png" "Mozilla/5.0 (Windows NT 10.0; Win64; x64) AppleWebKit/537.36 (KHTML, like Gecko) Chrome/86.0.4240.198 Safari/537.36"
87.115.231.250 - - [11/Dec/2020:21:27:15 +0000] "GET /favicons/android-144x144.png HTTP/1.1" 200 4586 "http://www.aaronrosenmund.com/favicons/android-144x144.png" "Mozilla/5.0 (Windows NT 10.0; Win64; x64) AppleWebKit/537.36 (KHTML, like Gecko) Chrome/86.0.4240.198 Safari/537.36"
87.115.231.250 - - [11/Dec/2020:21:27:15 +0000] "GET /favicons/favicon-32x32.png HTTP/1.1" 200 1092 "http://www.aaronrosenmund.com/favicons/favicon-32x32.png" "Mozilla/5.0 (Windows NT 10.0; Win64; x64) AppleWebKit/537.36 (KHTML, like Gecko) Chrome/86.0.4240.198 Safari/537.36"
87.115.231.250 - - [11/Dec/2020:21:27:15 +0000] "GET /favicons/android-36x36.png HTTP/1.1" 200 1265 "http://www.aaronrosenmund.com/favicons/android-36x36.png" "Mozilla/5.0 (Windows NT 10.0; Win64; x64) AppleWebKit/537.36 (KHTML, like Gecko) Chrome/86.0.4240.198 Safari/537.36"
87.115.231.250 - - [11/Dec/2020:21:27:15 +0000] "GET /favicons/android-192x192.png HTTP/1.1" 200 5551 "http://www.aaronrosenmund.com/favicons/android-192x192.png" "Mozilla/5.0 (Windows NT 10.0; Win64; x64) AppleWebKit/537.36 (KHTML, like Gecko) Chrome/86.0.4240.198 Safari/537.36"
87.115.231.250 - - [11/Dec/2020:21:27:15 +0000] "GET /favicons/android-48x48.png HTTP/1.1" 200 1357 "http://www.aaronrosenmund.com/favicons/android-48x48.png" "Mozilla/5.0 (Windows NT 10.0; Win64; x64) AppleWebKit/537.36 (KHTML, like Gecko) Chrome/86.0.4240.198 Safari/537.36"
87.115.231.250 - - [11/Dec/2020:21:27:15 +0000] "GET /favicons/android-72x72.png HTTP/1.1" 200 2212 "http://www.aaronrosenmund.com/favicons/android-72x72.png" "Mozilla/5.0 (Windows NT 10.0; Win64; x64) AppleWebKit/537.36 (KHTML, like Gecko) Chrome/86.0.4240.198 Safari/537.36"
87.115.231.250 - - [11/Dec/2020:21:27:15 +0000] "GET /favicons/android-96x96.png HTTP/1.1" 200 2595 "http://www.aaronrosenmund.com/favicons/android-96x96.png" "Mozilla/5.0 (Windows NT 10.0; Win64; x64) AppleWebKit/537.36 (KHTML, like Gecko) Chrome/86.0.4240.198 Safari/537.36"
167.172.10.45 - - [11/Dec/2020:21:27:19 +0000] "GET /favicons/android-36x36.png HTTP/1.1" 200 1265 "http://www.aaronrosenmund.com/favicons/android-36x36.png" "Mozilla/5.0 (iPhone; CPU iPhone OS 13_7 like Mac OS X) AppleWebKit/605.1.15 (KHTML, like Gecko) Version/13.1.2 Mobile/15E148 Safari/604.1"
167.172.10.45 - - [11/Dec/2020:21:27:19 +0000] "GET /favicons/favicon-32x32.png HTTP/1.1" 200 1092 "http://www.aaronrosenmund.com/favicons/favicon-32x32.png" "Mozilla/5.0 (iPhone; CPU iPhone OS 13_7 like Mac OS X) AppleWebKit/605.1.15 (KHTML, like Gecko) Version/13.1.2 Mobile/15E148 Safari/604.1"
167.172.10.45 - - [11/Dec/2020:21:27:19 +0000] "GET /favicons/favicon-16x16.png HTTP/1.1" 200 783 "http://www.aaronrosenmund.com/favicons/favicon-16x16.png" "Mozilla/5.0 (iPhone; CPU iPhone OS 13_7 like Mac OS X) AppleWebKit/605.1.15 (KHTML, like Gecko) Version/13.1.2 Mobile/15E148 Safari/604.1"
167.172.10.45 - - [11/Dec/2020:21:27:19 +0000] "GET /favicons/android-144x144.png HTTP/1.1" 200 4586 "http://www.aaronrosenmund.com/favicons/android-144x144.png" "Mozilla/5.0 (iPhone; CPU iPhone OS 13_7 like Mac OS X) AppleWebKit/605.1.15 (KHTML, like Gecko) Version/13.1.2 Mobile/15E148 Safari/604.1"
167.172.10.45 - - [11/Dec/2020:21:27:19 +0000] "GET /favicons/android-96x96.png HTTP/1.1" 200 2595 "http://www.aaronrosenmund.com/favicons/android-96x96.png" "Mozilla/5.0 (iPhone; CPU iPhone OS 13_7 like Mac OS X) AppleWebKit/605.1.15 (KHTML, like Gecko) Version/13.1.2 Mobile/15E148 Safari/604.1"
167.172.10.45 - - [11/Dec/2020:21:27:19 +0000] "GET /favicons/android-48x48.png HTTP/1.1" 200 1357 "http://www.aaronrosenmund.com/favicons/android-48x48.png" "Mozilla/5.0 (iPhone; CPU iPhone OS 13_7 like Mac OS X) AppleWebKit/605.1.15 (KHTML, like Gecko) Version/13.1.2 Mobile/15E148 Safari/604.1"
